// Jest Snapshot v1, https://goo.gl/fbAQLP

exports[`<App /> matches snapshot (without footer) 1`] = `
<div
  className="page-wrapper"
>
  <div
    className="content-wrapper"
    onClick={[Function]}
  >
    <HelmetWrapper
      defer={true}
      encodeSpecialCharacters={true}
      link={
        Array [
          Object {
            "href": "/css/global.min.css",
            "rel": "stylesheet",
          },
          Object {
            "async": true,
            "href": "https://fonts.googleapis.com/css?family=Oswald|Sanchez&display=block",
            "rel": "stylesheet",
          },
        ]
      }
      meta={
        Array [
          Object {
            "char-set": "utf-8",
          },
          Object {
            "content": "Full Stack Engineer in Berkeley. Focused on React, Angular, Node.Js, Drupal, UI/UX. San Francisco Bay Area, East Bay, San Francisco and Oakland.",
            "name": "description",
          },
          Object {
            "content": "width=device-width, initial-scale=1",
            "name": "viewport",
          },
        ]
      }
      title="Front End Engineer in Berkeley, CA specializing in React, Javascript, Node.Js, Angular and Drupal"
      titleTemplate="Jason Gallagher - %s"
    />
  </div>
  <Connect(LiveChatLauncher) />
  <Connect(LiveChatContainer) />
</div>
`;
