// Jest Snapshot v1, https://goo.gl/fbAQLP

exports[`<Root /> Matches snapshot 1`] = `
<html>
  <head>
    <link
      href="/images/favicons/apple-touch-icon.png"
      rel="apple-touch-icon"
      sizes="180x180"
    />
    <link
      href="/images/favicons/favicon-32x32.png"
      rel="icon"
      sizes="32x32"
      type="image/png"
    />
    <link
      href="/images/favicons/android-chrome-192x192.png"
      rel="icon"
      sizes="192x192"
      type="image/png"
    />
    <link
      href="/images/favicons/favicon-16x16.png"
      rel="icon"
      sizes="16x16"
      type="image/png"
    />
    <link
      href="/images/favicons/manifest.json"
      rel="manifest"
    />
    <link
      color="#5bbad5"
      href="/images/favicons/safari-pinned-tab.svg"
      rel="mask-icon"
    />
    <link
      href="/images/favicons/favicon.ico"
      rel="shortcut icon"
    />
    <meta
      content="PcZbHamu8N77ConcEm3oykmUEroNsJhpM6ZTrnvEO40"
      name="google-site-verification"
    />
    <meta
      content="telephone=no"
      name="format-detection"
    />
    <meta
      content="/images/favicons/browserconfig.xml"
      name="msapplication-config"
    />
    <meta
      content="#ffffff"
      name="theme-color"
    />
    <meta
      content="origin"
      name="referrer"
    />
    <script
      dangerouslySetInnerHTML={
        Object {
          "__html": "window.__ENVIRONMENT__ = 'test;'
            window.__LIVE_CHAT_ADMIN_NAME__ = 'test';",
        }
      }
    />
    <script
      dangerouslySetInnerHTML={
        Object {
          "__html": "
                function lazyLoadScript(scrpt) {
                    var element = document.createElement(\\"script\\");
                    element.src = scrpt;
                    element.async = true;
                    document.body.appendChild(element);
                }",
        }
      }
    />
  </head>
  <body>
    <div
      dangerouslySetInnerHTML={
        Object {
          "__html": "",
        }
      }
      id="root"
    />
    <script
      dangerouslySetInnerHTML={
        Object {
          "__html": "
                window.addEventListener('load', lazyLoadScript.bind(null, '/js/global.min.js'), false);",
        }
      }
    />
    <script
      dangerouslySetInnerHTML={
        Object {
          "__html": "
                window.addEventListener('load', lazyLoadScript.bind(null, 'https://cdnjs.cloudflare.com/ajax/libs/smooth-scroll/11.0.2/js/smooth-scroll.min.js'), false);",
        }
      }
    />
  </body>
</html>
`;
